// Jest Snapshot v1, https://goo.gl/fbAQLP

exports[`test suite for Anime component expects to render a snapshot of the Anime component 1`] = `
Object {
  "asFragment": [Function],
  "baseElement": <body>
    <div>
      <a
        class=""
        href="/episodes/1"
      >
        <div
          class="rightArrow"
        >
          <img
            alt="right arrow icon"
            src="right-arrow.png"
          />
        </div>
        <div
          class="card"
        >
          <img
            height="200px"
            src="https://cdn.myanimelist.net/images/anime/4/19644.jpg"
            width="150px"
          />
          <div
            class="cardTitle"
          >
            <h3>
              Cowboy Bebop
            </h3>
            <h5>
              Total Episodes : 
              26
            </h5>
          </div>
        </div>
      </a>
    </div>
  </body>,
  "container": <div>
    <a
      class=""
      href="/episodes/1"
    >
      <div
        class="rightArrow"
      >
        <img
          alt="right arrow icon"
          src="right-arrow.png"
        />
      </div>
      <div
        class="card"
      >
        <img
          height="200px"
          src="https://cdn.myanimelist.net/images/anime/4/19644.jpg"
          width="150px"
        />
        <div
          class="cardTitle"
        >
          <h3>
            Cowboy Bebop
          </h3>
          <h5>
            Total Episodes : 
            26
          </h5>
        </div>
      </div>
    </a>
  </div>,
  "debug": [Function],
  "findAllByAltText": [Function],
  "findAllByDisplayValue": [Function],
  "findAllByLabelText": [Function],
  "findAllByPlaceholderText": [Function],
  "findAllByRole": [Function],
  "findAllByTestId": [Function],
  "findAllByText": [Function],
  "findAllByTitle": [Function],
  "findByAltText": [Function],
  "findByDisplayValue": [Function],
  "findByLabelText": [Function],
  "findByPlaceholderText": [Function],
  "findByRole": [Function],
  "findByTestId": [Function],
  "findByText": [Function],
  "findByTitle": [Function],
  "getAllByAltText": [Function],
  "getAllByDisplayValue": [Function],
  "getAllByLabelText": [Function],
  "getAllByPlaceholderText": [Function],
  "getAllByRole": [Function],
  "getAllByTestId": [Function],
  "getAllByText": [Function],
  "getAllByTitle": [Function],
  "getByAltText": [Function],
  "getByDisplayValue": [Function],
  "getByLabelText": [Function],
  "getByPlaceholderText": [Function],
  "getByRole": [Function],
  "getByTestId": [Function],
  "getByText": [Function],
  "getByTitle": [Function],
  "queryAllByAltText": [Function],
  "queryAllByDisplayValue": [Function],
  "queryAllByLabelText": [Function],
  "queryAllByPlaceholderText": [Function],
  "queryAllByRole": [Function],
  "queryAllByTestId": [Function],
  "queryAllByText": [Function],
  "queryAllByTitle": [Function],
  "queryByAltText": [Function],
  "queryByDisplayValue": [Function],
  "queryByLabelText": [Function],
  "queryByPlaceholderText": [Function],
  "queryByRole": [Function],
  "queryByTestId": [Function],
  "queryByText": [Function],
  "queryByTitle": [Function],
  "rerender": [Function],
  "unmount": [Function],
}
`;
