// Jest Snapshot v1, https://goo.gl/fbAQLP

exports[`Navbar test case Navbar test the snapshot case 1`] = `
Object {
  "asFragment": [Function],
  "baseElement": <body>
    <div>
      <header
        class="header"
      >
        <nav
          class="nav"
        >
          <img
            alt="home icon"
            height="20px"
            src="home.png"
            width="20px"
          />
          <a
            aria-current="page"
            class="brand active"
            href="/"
          >
            ANIME
          </a>
          <div
            class="desktopIcon"
          >
            <a
              aria-current="page"
              class="active"
              href="/"
            >
              <img
                alt="mic icon"
                height="20px"
                src="microphone-black-shape.png"
                width="20px"
              />
            </a>
            <a
              aria-current="page"
              class="active"
              href="/"
            >
              <img
                alt="gear icon"
                height="20px"
                src="gear.png"
                width="20px"
              />
            </a>
          </div>
          <a
            aria-current="page"
            class="menu active"
            href="/"
          >
            <img
              alt="menu icon"
              height="20px"
              src="menu.png"
              width="20px"
            />
          </a>
        </nav>
      </header>
    </div>
  </body>,
  "container": <div>
    <header
      class="header"
    >
      <nav
        class="nav"
      >
        <img
          alt="home icon"
          height="20px"
          src="home.png"
          width="20px"
        />
        <a
          aria-current="page"
          class="brand active"
          href="/"
        >
          ANIME
        </a>
        <div
          class="desktopIcon"
        >
          <a
            aria-current="page"
            class="active"
            href="/"
          >
            <img
              alt="mic icon"
              height="20px"
              src="microphone-black-shape.png"
              width="20px"
            />
          </a>
          <a
            aria-current="page"
            class="active"
            href="/"
          >
            <img
              alt="gear icon"
              height="20px"
              src="gear.png"
              width="20px"
            />
          </a>
        </div>
        <a
          aria-current="page"
          class="menu active"
          href="/"
        >
          <img
            alt="menu icon"
            height="20px"
            src="menu.png"
            width="20px"
          />
        </a>
      </nav>
    </header>
  </div>,
  "debug": [Function],
  "findAllByAltText": [Function],
  "findAllByDisplayValue": [Function],
  "findAllByLabelText": [Function],
  "findAllByPlaceholderText": [Function],
  "findAllByRole": [Function],
  "findAllByTestId": [Function],
  "findAllByText": [Function],
  "findAllByTitle": [Function],
  "findByAltText": [Function],
  "findByDisplayValue": [Function],
  "findByLabelText": [Function],
  "findByPlaceholderText": [Function],
  "findByRole": [Function],
  "findByTestId": [Function],
  "findByText": [Function],
  "findByTitle": [Function],
  "getAllByAltText": [Function],
  "getAllByDisplayValue": [Function],
  "getAllByLabelText": [Function],
  "getAllByPlaceholderText": [Function],
  "getAllByRole": [Function],
  "getAllByTestId": [Function],
  "getAllByText": [Function],
  "getAllByTitle": [Function],
  "getByAltText": [Function],
  "getByDisplayValue": [Function],
  "getByLabelText": [Function],
  "getByPlaceholderText": [Function],
  "getByRole": [Function],
  "getByTestId": [Function],
  "getByText": [Function],
  "getByTitle": [Function],
  "queryAllByAltText": [Function],
  "queryAllByDisplayValue": [Function],
  "queryAllByLabelText": [Function],
  "queryAllByPlaceholderText": [Function],
  "queryAllByRole": [Function],
  "queryAllByTestId": [Function],
  "queryAllByText": [Function],
  "queryAllByTitle": [Function],
  "queryByAltText": [Function],
  "queryByDisplayValue": [Function],
  "queryByLabelText": [Function],
  "queryByPlaceholderText": [Function],
  "queryByRole": [Function],
  "queryByTestId": [Function],
  "queryByText": [Function],
  "queryByTitle": [Function],
  "rerender": [Function],
  "unmount": [Function],
}
`;
